
optiboot_atmega328pb_8mhz.elf:     file format elf32-avr

Sections:
Idx Name          Size      VMA       LMA       File off  Algn
  0 .data         00000000  00800100  00800100  00000060  2**0
                  CONTENTS, ALLOC, LOAD, DATA
  1 .text         0000000c  00007d00  00007d00  00000054  2**1
                  CONTENTS, ALLOC, LOAD, READONLY, CODE
  2 .version      00000002  00007ffe  00007ffe  00000060  2**0
                  CONTENTS, READONLY
  3 .comment      00000011  00000000  00000000  00000062  2**0
                  CONTENTS, READONLY
  4 .debug_aranges 00000028  00000000  00000000  00000073  2**0
                  CONTENTS, READONLY, DEBUGGING
  5 .debug_info   000001f7  00000000  00000000  0000009b  2**0
                  CONTENTS, READONLY, DEBUGGING
  6 .debug_abbrev 0000019b  00000000  00000000  00000292  2**0
                  CONTENTS, READONLY, DEBUGGING
  7 .debug_line   0000011f  00000000  00000000  0000042d  2**0
                  CONTENTS, READONLY, DEBUGGING
  8 .debug_frame  00000074  00000000  00000000  0000054c  2**2
                  CONTENTS, READONLY, DEBUGGING
  9 .debug_str    0000013d  00000000  00000000  000005c0  2**0
                  CONTENTS, READONLY, DEBUGGING
 10 .debug_loc    00000028  00000000  00000000  000006fd  2**0
                  CONTENTS, READONLY, DEBUGGING
 11 .debug_ranges 00000018  00000000  00000000  00000725  2**0
                  CONTENTS, READONLY, DEBUGGING

Disassembly of section .text:

00007d00 <main>:
  //  SP points to RAMEND
  //  r1 contains zero
  //
  // If not, uncomment the following instructions:
  // cli();
  asm volatile ("clr __zero_reg__");
    7d00:	11 24       	eor	r1, r1
#ifdef __AVR_ATmega8__
  SP=RAMEND;  // This is done by hardware reset
#endif

  // Adaboot no-wait mod
  ch = MCUSR;
    7d02:	84 b7       	in	r24, 0x34	; 52
  MCUSR = 0;
    7d04:	14 be       	out	0x34, r1	; 52
  //if (!(ch & _BV(EXTRF))) appStart();
  /* Set LED pin as output */
  DDRD |= _BV(PIND6);
    7d06:	56 9a       	sbi	0x0a, 6	; 10
  while(1) {
    PORTD |= _BV(PIND6);
    7d08:	5e 9a       	sbi	0x0b, 6	; 11
    7d0a:	fe cf       	rjmp	.-4      	; 0x7d08 <main+0x8>
